../Sample/src/lv_ex_widgets/lv_ex_objmask/../../../../lvgl/src/lv_hal/../lv_misc/lv_color.h:621:26:lv_color_make	16	static
../Sample/src/lv_ex_widgets/lv_ex_objmask/../../../../lvgl/src/lv_hal/../lv_misc/lv_color.h:631:26:lv_color_hex3	16	static
../Sample/src/lv_ex_widgets/lv_ex_objmask/../../../../lvgl/src/lv_core/lv_obj_style_dec.h:123:1:lv_obj_set_style_local_bg_color	16	static
../Sample/src/lv_ex_widgets/lv_ex_objmask/../../../../lvgl/src/lv_core/lv_obj_style_dec.h:159:1:lv_obj_set_style_local_value_str	24	static
../Sample/src/lv_ex_widgets/lv_ex_objmask/../../../../lvgl/src/lv_core/lv_disp.h:153:26:lv_scr_act	8	static
../Sample/src/lv_ex_widgets/lv_ex_objmask/lv_ex_objmask_1.c:4:6:lv_ex_objmask_1	152	static
