../Sample/src/lv_ex_widgets/lv_ex_line/../../../../lvgl/src/lv_core/lv_obj_style_dec.h:168:1:lv_style_set_line_width	16	static
../Sample/src/lv_ex_widgets/lv_ex_line/../../../../lvgl/src/lv_core/lv_obj_style_dec.h:172:1:lv_style_set_line_rounded	16	static
../Sample/src/lv_ex_widgets/lv_ex_line/../../../../lvgl/src/lv_core/lv_obj_style_dec.h:173:1:lv_style_set_line_color	16	static
../Sample/src/lv_ex_widgets/lv_ex_line/../../../../lvgl/src/lv_core/lv_disp.h:153:26:lv_scr_act	8	static
../Sample/src/lv_ex_widgets/lv_ex_line/lv_ex_line_1.c:4:6:lv_ex_line_1	32	static
