../Sample/src/lv_ex_style/../../../lvgl/src/lv_core/lv_obj_style_dec.h:102:1:lv_style_set_radius	16	static
../Sample/src/lv_ex_style/../../../lvgl/src/lv_core/lv_obj_style_dec.h:110:1:lv_style_set_pad_top	16	static
../Sample/src/lv_ex_style/../../../lvgl/src/lv_core/lv_obj_style_dec.h:112:1:lv_style_set_pad_left	16	static
../Sample/src/lv_ex_style/../../../lvgl/src/lv_core/lv_obj_style_dec.h:113:1:lv_style_set_pad_right	16	static
../Sample/src/lv_ex_style/../../../lvgl/src/lv_core/lv_obj_style_dec.h:114:1:lv_style_set_pad_inner	16	static
../Sample/src/lv_ex_style/../../../lvgl/src/lv_core/lv_obj_style_dec.h:123:1:lv_style_set_bg_color	16	static
../Sample/src/lv_ex_style/../../../lvgl/src/lv_core/lv_obj_style_dec.h:125:1:lv_style_set_bg_opa	16	static
../Sample/src/lv_ex_style/../../../lvgl/src/lv_core/lv_obj_style_dec.h:168:1:lv_style_set_line_width	16	static
../Sample/src/lv_ex_style/../../../lvgl/src/lv_core/lv_obj_style_dec.h:173:1:lv_style_set_line_color	16	static
../Sample/src/lv_ex_style/../../../lvgl/src/lv_core/lv_obj_style_dec.h:195:1:lv_style_set_scale_end_border_width	16	static
../Sample/src/lv_ex_style/../../../lvgl/src/lv_core/lv_obj_style_dec.h:196:1:lv_style_set_scale_end_line_width	16	static
../Sample/src/lv_ex_style/../../../lvgl/src/lv_core/lv_obj_style_dec.h:197:1:lv_style_set_scale_grad_color	16	static
../Sample/src/lv_ex_style/../../../lvgl/src/lv_core/lv_obj_style_dec.h:198:1:lv_style_set_scale_end_color	16	static
../Sample/src/lv_ex_style/../../../lvgl/src/lv_core/lv_disp.h:153:26:lv_scr_act	8	static
../Sample/src/lv_ex_style/lv_ex_style_11.c:6:6:lv_ex_style_11	32	static
