../Sample/src/lv_ex_style/../../../lvgl/src/lv_core/lv_obj_style_dec.h:102:1:lv_style_set_radius	16	static
../Sample/src/lv_ex_style/../../../lvgl/src/lv_core/lv_obj_style_dec.h:123:1:lv_style_set_bg_color	16	static
../Sample/src/lv_ex_style/../../../lvgl/src/lv_core/lv_obj_style_dec.h:125:1:lv_style_set_bg_opa	16	static
../Sample/src/lv_ex_style/../../../lvgl/src/lv_core/lv_obj_style_dec.h:179:1:lv_style_set_transition_time	16	static
../Sample/src/lv_ex_style/../../../lvgl/src/lv_core/lv_obj_style_dec.h:180:1:lv_style_set_transition_delay	16	static
../Sample/src/lv_ex_style/../../../lvgl/src/lv_core/lv_obj_style_dec.h:181:1:lv_style_set_transition_prop_1	16	static
../Sample/src/lv_ex_style/../../../lvgl/src/lv_core/lv_disp.h:153:26:lv_scr_act	8	static
../Sample/src/lv_ex_style/lv_ex_style_10.c:6:6:lv_ex_style_10	24	static
