../Sample/src/lv_ex_widgets/lv_ex_chart/../../../../lvgl/src/lv_core/lv_obj_style_dec.h:120:1:lv_obj_set_style_local_bg_main_stop	16	static
../Sample/src/lv_ex_widgets/lv_ex_chart/../../../../lvgl/src/lv_core/lv_obj_style_dec.h:121:1:lv_obj_set_style_local_bg_grad_stop	16	static
../Sample/src/lv_ex_widgets/lv_ex_chart/../../../../lvgl/src/lv_core/lv_obj_style_dec.h:122:1:lv_obj_set_style_local_bg_grad_dir	16	static
../Sample/src/lv_ex_widgets/lv_ex_chart/../../../../lvgl/src/lv_core/lv_obj_style_dec.h:125:1:lv_obj_set_style_local_bg_opa	16	static
../Sample/src/lv_ex_widgets/lv_ex_chart/../../../../lvgl/src/lv_core/lv_disp.h:153:26:lv_scr_act	8	static
../Sample/src/lv_ex_widgets/lv_ex_chart/lv_ex_chart_2.c:7:6:lv_ex_chart_2	40	static
