../lvgl/src/lv_core/../lv_font/../lv_misc/lv_mem.h:214:44:_lv_memcpy_small	32	static
../lvgl/src/lv_core/../lv_font/../lv_misc/lv_area.h:100:20:lv_area_copy	16	static
../lvgl/src/lv_core/../lv_font/../lv_misc/lv_area.h:110:26:lv_area_get_width	16	static
../lvgl/src/lv_core/../lv_font/../lv_misc/lv_area.h:120:26:lv_area_get_height	16	static
../lvgl/src/lv_core/../lv_misc/lv_color.h:454:48:lv_color_mix	24	static
../lvgl/src/lv_core/../lv_misc/lv_color.h:621:26:lv_color_make	16	static
../lvgl/src/lv_core/../lv_misc/lv_color.h:626:26:lv_color_hex	16	static
../lvgl/src/lv_core/../lv_misc/lv_anim.h:129:20:lv_anim_set_var	16	static
../lvgl/src/lv_core/../lv_misc/lv_anim.h:141:20:lv_anim_set_exec_cb	16	static
../lvgl/src/lv_core/../lv_misc/lv_anim.h:151:20:lv_anim_set_time	16	static
../lvgl/src/lv_core/../lv_misc/lv_anim.h:161:20:lv_anim_set_delay	16	static
../lvgl/src/lv_core/../lv_misc/lv_anim.h:172:20:lv_anim_set_values	16	static
../lvgl/src/lv_core/../lv_misc/lv_anim.h:200:20:lv_anim_set_path	16	static
../lvgl/src/lv_core/../lv_misc/lv_anim.h:211:20:lv_anim_set_start_cb	16	static
../lvgl/src/lv_core/../lv_misc/lv_anim.h:221:20:lv_anim_set_ready_cb	16	static
../lvgl/src/lv_core/lv_style.h:310:28:lv_style_list_get_style	16	static
../lvgl/src/lv_core/lv_obj_style_dec.h:102:1:lv_obj_get_style_radius	16	static
../lvgl/src/lv_core/lv_obj_style_dec.h:103:1:lv_obj_get_style_clip_corner	16	static
../lvgl/src/lv_core/lv_obj_style_dec.h:105:1:lv_obj_get_style_transform_width	16	static
../lvgl/src/lv_core/lv_obj_style_dec.h:106:1:lv_obj_get_style_transform_height	16	static
../lvgl/src/lv_core/lv_obj_style_dec.h:107:1:lv_obj_get_style_transform_angle	16	static
../lvgl/src/lv_core/lv_obj_style_dec.h:108:1:lv_obj_get_style_transform_zoom	16	static
../lvgl/src/lv_core/lv_obj_style_dec.h:109:1:lv_obj_get_style_opa_scale	16	static
../lvgl/src/lv_core/lv_obj_style_dec.h:109:1:lv_obj_set_style_local_opa_scale	16	static
../lvgl/src/lv_core/lv_obj_style_dec.h:110:1:lv_obj_get_style_pad_top	16	static
../lvgl/src/lv_core/lv_obj_style_dec.h:111:1:lv_obj_get_style_pad_bottom	16	static
../lvgl/src/lv_core/lv_obj_style_dec.h:112:1:lv_obj_get_style_pad_left	16	static
../lvgl/src/lv_core/lv_obj_style_dec.h:113:1:lv_obj_get_style_pad_right	16	static
../lvgl/src/lv_core/lv_obj_style_dec.h:114:1:lv_obj_get_style_pad_inner	16	static
../lvgl/src/lv_core/lv_obj_style_dec.h:115:1:lv_obj_get_style_margin_top	16	static
../lvgl/src/lv_core/lv_obj_style_dec.h:116:1:lv_obj_get_style_margin_bottom	16	static
../lvgl/src/lv_core/lv_obj_style_dec.h:117:1:lv_obj_get_style_margin_left	16	static
../lvgl/src/lv_core/lv_obj_style_dec.h:118:1:lv_obj_get_style_margin_right	16	static
../lvgl/src/lv_core/lv_obj_style_dec.h:119:1:lv_obj_get_style_bg_blend_mode	16	static
../lvgl/src/lv_core/lv_obj_style_dec.h:120:1:lv_obj_get_style_bg_main_stop	16	static
../lvgl/src/lv_core/lv_obj_style_dec.h:121:1:lv_obj_get_style_bg_grad_stop	16	static
../lvgl/src/lv_core/lv_obj_style_dec.h:122:1:lv_obj_get_style_bg_grad_dir	16	static
../lvgl/src/lv_core/lv_obj_style_dec.h:123:1:lv_obj_get_style_bg_color	16	static
../lvgl/src/lv_core/lv_obj_style_dec.h:124:1:lv_obj_get_style_bg_grad_color	16	static
../lvgl/src/lv_core/lv_obj_style_dec.h:125:1:lv_obj_get_style_bg_opa	16	static
../lvgl/src/lv_core/lv_obj_style_dec.h:126:1:lv_obj_get_style_border_width	16	static
../lvgl/src/lv_core/lv_obj_style_dec.h:127:1:lv_obj_get_style_border_side	16	static
../lvgl/src/lv_core/lv_obj_style_dec.h:128:1:lv_obj_get_style_border_blend_mode	16	static
../lvgl/src/lv_core/lv_obj_style_dec.h:129:1:lv_obj_get_style_border_post	16	static
../lvgl/src/lv_core/lv_obj_style_dec.h:130:1:lv_obj_get_style_border_color	16	static
../lvgl/src/lv_core/lv_obj_style_dec.h:131:1:lv_obj_get_style_border_opa	16	static
../lvgl/src/lv_core/lv_obj_style_dec.h:132:1:lv_obj_get_style_outline_width	16	static
../lvgl/src/lv_core/lv_obj_style_dec.h:133:1:lv_obj_get_style_outline_pad	16	static
../lvgl/src/lv_core/lv_obj_style_dec.h:134:1:lv_obj_get_style_outline_blend_mode	16	static
../lvgl/src/lv_core/lv_obj_style_dec.h:135:1:lv_obj_get_style_outline_color	16	static
../lvgl/src/lv_core/lv_obj_style_dec.h:136:1:lv_obj_get_style_outline_opa	16	static
../lvgl/src/lv_core/lv_obj_style_dec.h:137:1:lv_obj_get_style_shadow_width	16	static
../lvgl/src/lv_core/lv_obj_style_dec.h:138:1:lv_obj_get_style_shadow_ofs_x	16	static
../lvgl/src/lv_core/lv_obj_style_dec.h:139:1:lv_obj_get_style_shadow_ofs_y	16	static
../lvgl/src/lv_core/lv_obj_style_dec.h:140:1:lv_obj_get_style_shadow_spread	16	static
../lvgl/src/lv_core/lv_obj_style_dec.h:141:1:lv_obj_get_style_shadow_blend_mode	16	static
../lvgl/src/lv_core/lv_obj_style_dec.h:142:1:lv_obj_get_style_shadow_color	16	static
../lvgl/src/lv_core/lv_obj_style_dec.h:143:1:lv_obj_get_style_shadow_opa	16	static
../lvgl/src/lv_core/lv_obj_style_dec.h:144:1:lv_obj_get_style_pattern_repeat	16	static
../lvgl/src/lv_core/lv_obj_style_dec.h:145:1:lv_obj_get_style_pattern_blend_mode	16	static
../lvgl/src/lv_core/lv_obj_style_dec.h:146:1:lv_obj_get_style_pattern_recolor	16	static
../lvgl/src/lv_core/lv_obj_style_dec.h:147:1:lv_obj_get_style_pattern_opa	16	static
../lvgl/src/lv_core/lv_obj_style_dec.h:148:1:lv_obj_get_style_pattern_recolor_opa	16	static
../lvgl/src/lv_core/lv_obj_style_dec.h:149:1:lv_obj_get_style_pattern_image	16	static
../lvgl/src/lv_core/lv_obj_style_dec.h:150:1:lv_obj_get_style_value_letter_space	16	static
../lvgl/src/lv_core/lv_obj_style_dec.h:151:1:lv_obj_get_style_value_line_space	16	static
../lvgl/src/lv_core/lv_obj_style_dec.h:152:1:lv_obj_get_style_value_blend_mode	16	static
../lvgl/src/lv_core/lv_obj_style_dec.h:153:1:lv_obj_get_style_value_ofs_x	16	static
../lvgl/src/lv_core/lv_obj_style_dec.h:154:1:lv_obj_get_style_value_ofs_y	16	static
../lvgl/src/lv_core/lv_obj_style_dec.h:155:1:lv_obj_get_style_value_align	16	static
../lvgl/src/lv_core/lv_obj_style_dec.h:156:1:lv_obj_get_style_value_color	16	static
../lvgl/src/lv_core/lv_obj_style_dec.h:157:1:lv_obj_get_style_value_opa	16	static
../lvgl/src/lv_core/lv_obj_style_dec.h:158:1:lv_obj_get_style_value_font	16	static
../lvgl/src/lv_core/lv_obj_style_dec.h:159:1:lv_obj_get_style_value_str	16	static
../lvgl/src/lv_core/lv_obj_style_dec.h:160:1:lv_obj_get_style_text_letter_space	16	static
../lvgl/src/lv_core/lv_obj_style_dec.h:161:1:lv_obj_get_style_text_line_space	16	static
../lvgl/src/lv_core/lv_obj_style_dec.h:162:1:lv_obj_get_style_text_decor	16	static
../lvgl/src/lv_core/lv_obj_style_dec.h:163:1:lv_obj_get_style_text_blend_mode	16	static
../lvgl/src/lv_core/lv_obj_style_dec.h:164:1:lv_obj_get_style_text_color	16	static
../lvgl/src/lv_core/lv_obj_style_dec.h:165:1:lv_obj_get_style_text_sel_color	16	static
../lvgl/src/lv_core/lv_obj_style_dec.h:166:1:lv_obj_get_style_text_opa	16	static
../lvgl/src/lv_core/lv_obj_style_dec.h:167:1:lv_obj_get_style_text_font	16	static
../lvgl/src/lv_core/lv_obj_style_dec.h:168:1:lv_obj_get_style_line_width	16	static
../lvgl/src/lv_core/lv_obj_style_dec.h:169:1:lv_obj_get_style_line_blend_mode	16	static
../lvgl/src/lv_core/lv_obj_style_dec.h:170:1:lv_obj_get_style_line_dash_width	16	static
../lvgl/src/lv_core/lv_obj_style_dec.h:171:1:lv_obj_get_style_line_dash_gap	16	static
../lvgl/src/lv_core/lv_obj_style_dec.h:172:1:lv_obj_get_style_line_rounded	16	static
../lvgl/src/lv_core/lv_obj_style_dec.h:173:1:lv_obj_get_style_line_color	16	static
../lvgl/src/lv_core/lv_obj_style_dec.h:174:1:lv_obj_get_style_line_opa	16	static
../lvgl/src/lv_core/lv_obj_style_dec.h:175:1:lv_obj_get_style_image_blend_mode	16	static
../lvgl/src/lv_core/lv_obj_style_dec.h:176:1:lv_obj_get_style_image_recolor	16	static
../lvgl/src/lv_core/lv_obj_style_dec.h:177:1:lv_obj_get_style_image_opa	16	static
../lvgl/src/lv_core/lv_obj_style_dec.h:178:1:lv_obj_get_style_image_recolor_opa	16	static
../lvgl/src/lv_core/lv_obj_style_dec.h:179:1:lv_obj_get_style_transition_time	16	static
../lvgl/src/lv_core/lv_obj_style_dec.h:180:1:lv_obj_get_style_transition_delay	16	static
../lvgl/src/lv_core/lv_obj_style_dec.h:181:1:lv_obj_get_style_transition_prop_1	16	static
../lvgl/src/lv_core/lv_obj_style_dec.h:182:1:lv_obj_get_style_transition_prop_2	16	static
../lvgl/src/lv_core/lv_obj_style_dec.h:183:1:lv_obj_get_style_transition_prop_3	16	static
../lvgl/src/lv_core/lv_obj_style_dec.h:184:1:lv_obj_get_style_transition_prop_4	16	static
../lvgl/src/lv_core/lv_obj_style_dec.h:185:1:lv_obj_get_style_transition_prop_5	16	static
../lvgl/src/lv_core/lv_obj_style_dec.h:186:1:lv_obj_get_style_transition_prop_6	16	static
../lvgl/src/lv_core/lv_obj_style_dec.h:188:1:lv_obj_get_style_transition_path	16	static
../lvgl/src/lv_core/lv_obj.c:127:6:lv_init	48	static
../lvgl/src/lv_core/lv_obj.c:195:6:lv_deinit	8	static
../lvgl/src/lv_core/lv_obj.c:222:12:lv_obj_create	48	static
../lvgl/src/lv_core/lv_obj.c:427:10:lv_obj_del	40	static
../lvgl/src/lv_core/lv_obj.c:462:6:lv_obj_del_anim_ready_cb	16	static
../lvgl/src/lv_core/lv_obj.c:474:6:lv_obj_del_async	24	static
../lvgl/src/lv_core/lv_obj.c:484:6:lv_obj_clean	32	static
../lvgl/src/lv_core/lv_obj.c:504:6:lv_obj_invalidate_area	40	static
../lvgl/src/lv_core/lv_obj.c:519:6:lv_obj_invalidate	40	static
../lvgl/src/lv_core/lv_obj.c:542:6:lv_obj_area_is_visible	40	static
../lvgl/src/lv_core/lv_obj.c:587:6:lv_obj_is_visible	40	static
../lvgl/src/lv_core/lv_obj.c:616:6:lv_obj_set_parent	48	static
../lvgl/src/lv_core/lv_obj.c:672:6:lv_obj_move_foreground	32	static
../lvgl/src/lv_core/lv_obj.c:695:6:lv_obj_move_background	32	static
../lvgl/src/lv_core/lv_obj.c:724:6:lv_obj_set_pos	40	static
../lvgl/src/lv_core/lv_obj.c:776:6:lv_obj_set_x	24	static
../lvgl/src/lv_core/lv_obj.c:788:6:lv_obj_set_y	24	static
../lvgl/src/lv_core/lv_obj.c:801:6:lv_obj_set_size	40	static
../lvgl/src/lv_core/lv_obj.c:855:6:lv_obj_set_width	24	static
../lvgl/src/lv_core/lv_obj.c:867:6:lv_obj_set_height	24	static
../lvgl/src/lv_core/lv_obj.c:879:6:lv_obj_set_width_fit	24	static
../lvgl/src/lv_core/lv_obj.c:892:6:lv_obj_set_height_fit	24	static
../lvgl/src/lv_core/lv_obj.c:906:6:lv_obj_set_width_margin	24	static
../lvgl/src/lv_core/lv_obj.c:920:6:lv_obj_set_height_margin	24	static
../lvgl/src/lv_core/lv_obj.c:936:6:lv_obj_align	56	static
../lvgl/src/lv_core/lv_obj.c:963:6:lv_obj_align_x	56	static
../lvgl/src/lv_core/lv_obj.c:981:6:lv_obj_align_y	56	static
../lvgl/src/lv_core/lv_obj.c:1000:6:lv_obj_align_mid	56	static
../lvgl/src/lv_core/lv_obj.c:1030:6:lv_obj_align_mid_x	56	static
../lvgl/src/lv_core/lv_obj.c:1052:6:lv_obj_align_mid_y	56	static
../lvgl/src/lv_core/lv_obj.c:1070:6:lv_obj_realign	32	static
../lvgl/src/lv_core/lv_obj.c:1091:6:lv_obj_set_auto_realign	24	static
../lvgl/src/lv_core/lv_obj.c:1115:6:lv_obj_set_ext_click_area	32	static
../lvgl/src/lv_core/lv_obj.c:1147:6:lv_obj_add_style	32	static
../lvgl/src/lv_core/lv_obj.c:1171:6:lv_obj_remove_style	32	static
../lvgl/src/lv_core/lv_obj.c:1196:6:lv_obj_clean_style_list	24	static
../lvgl/src/lv_core/lv_obj.c:1218:6:lv_obj_reset_style_list	16	static
../lvgl/src/lv_core/lv_obj.c:1237:6:_lv_obj_set_style_local_int	32	static
../lvgl/src/lv_core/lv_obj.c:1259:6:_lv_obj_set_style_local_color	32	static
../lvgl/src/lv_core/lv_obj.c:1281:6:_lv_obj_set_style_local_opa	24	static
../lvgl/src/lv_core/lv_obj.c:1303:6:_lv_obj_set_style_local_ptr	32	static
../lvgl/src/lv_core/lv_obj.c:1324:6:lv_obj_remove_style_local_prop	32	static
../lvgl/src/lv_core/lv_obj.c:1338:6:lv_obj_refresh_style	32	static
../lvgl/src/lv_core/lv_obj.c:1418:6:lv_obj_report_style_mod	24	static
../lvgl/src/lv_core/lv_obj.c:1436:6:_lv_obj_disable_style_caching	32	static
../lvgl/src/lv_core/lv_obj.c:1460:6:lv_obj_set_hidden	32	static
../lvgl/src/lv_core/lv_obj.c:1479:6:lv_obj_set_adv_hittest	24	static
../lvgl/src/lv_core/lv_obj.c:1491:6:lv_obj_set_click	24	static
../lvgl/src/lv_core/lv_obj.c:1504:6:lv_obj_set_top	24	static
../lvgl/src/lv_core/lv_obj.c:1516:6:lv_obj_set_drag	24	static
../lvgl/src/lv_core/lv_obj.c:1529:6:lv_obj_set_drag_dir	24	static
../lvgl/src/lv_core/lv_obj.c:1543:6:lv_obj_set_drag_throw	24	static
../lvgl/src/lv_core/lv_obj.c:1556:6:lv_obj_set_drag_parent	24	static
../lvgl/src/lv_core/lv_obj.c:1569:6:lv_obj_set_gesture_parent	16	static
../lvgl/src/lv_core/lv_obj.c:1580:6:lv_obj_set_focus_parent	16	static
../lvgl/src/lv_core/lv_obj.c:1604:6:lv_obj_set_parent_event	24	static
../lvgl/src/lv_core/lv_obj.c:1616:6:lv_obj_set_base_dir	16	static
../lvgl/src/lv_core/lv_obj.c:1638:6:lv_obj_add_protect	24	static
../lvgl/src/lv_core/lv_obj.c:1650:6:lv_obj_clear_protect	24	static
../lvgl/src/lv_core/lv_obj.c:1665:6:lv_obj_set_state	136	static
../lvgl/src/lv_core/lv_obj.c:1738:6:lv_obj_add_state	32	static
../lvgl/src/lv_core/lv_obj.c:1755:6:lv_obj_clear_state	32	static
../lvgl/src/lv_core/lv_obj.c:1771:6:lv_obj_finish_transitions	24	static
../lvgl/src/lv_core/lv_obj.c:1792:6:lv_obj_set_event_cb	24	static
../lvgl/src/lv_core/lv_obj.c:1806:10:lv_event_send	40	static
../lvgl/src/lv_core/lv_obj.c:1822:10:lv_event_send_refresh	16	static
../lvgl/src/lv_core/lv_obj.c:1831:6:lv_event_send_refresh_recursive	32	static
../lvgl/src/lv_core/lv_obj.c:1873:10:lv_event_send_func	56	static
../lvgl/src/lv_core/lv_obj.c:1930:14:lv_event_get_data	4	static
../lvgl/src/lv_core/lv_obj.c:1941:6:lv_obj_set_signal_cb	24	static
../lvgl/src/lv_core/lv_obj.c:1954:10:lv_signal_send	32	static
../lvgl/src/lv_core/lv_obj.c:1969:6:lv_obj_set_design_cb	24	static
../lvgl/src/lv_core/lv_obj.c:1987:8:lv_obj_allocate_ext_attr	32	static
../lvgl/src/lv_core/lv_obj.c:2003:6:lv_obj_refresh_ext_draw_pad	24	static
../lvgl/src/lv_core/lv_obj.c:2021:12:lv_obj_get_screen	32	static
../lvgl/src/lv_core/lv_obj.c:2041:13:lv_obj_get_disp	40	static
../lvgl/src/lv_core/lv_obj.c:2073:12:lv_obj_get_parent	24	static
../lvgl/src/lv_core/lv_obj.c:2087:12:lv_obj_get_child	32	static
../lvgl/src/lv_core/lv_obj.c:2110:12:lv_obj_get_child_back	32	static
../lvgl/src/lv_core/lv_obj.c:2131:10:lv_obj_count_children	32	static
../lvgl/src/lv_core/lv_obj.c:2147:10:lv_obj_count_children_recursive	32	static
../lvgl/src/lv_core/lv_obj.c:2171:6:lv_obj_get_coords	24	static
../lvgl/src/lv_core/lv_obj.c:2183:6:lv_obj_get_inner_coords	32	static
../lvgl/src/lv_core/lv_obj.c:2204:12:lv_obj_get_x	32	static
../lvgl/src/lv_core/lv_obj.c:2224:12:lv_obj_get_y	32	static
../lvgl/src/lv_core/lv_obj.c:2244:12:lv_obj_get_width	24	static
../lvgl/src/lv_core/lv_obj.c:2256:12:lv_obj_get_height	24	static
../lvgl/src/lv_core/lv_obj.c:2268:12:lv_obj_get_width_fit	32	static
../lvgl/src/lv_core/lv_obj.c:2283:12:lv_obj_get_height_fit	32	static
../lvgl/src/lv_core/lv_obj.c:2299:12:lv_obj_get_height_margin	24	static
../lvgl/src/lv_core/lv_obj.c:2313:12:lv_obj_get_width_margin	24	static
../lvgl/src/lv_core/lv_obj.c:2331:12:lv_obj_get_width_grid	24	static
../lvgl/src/lv_core/lv_obj.c:2352:12:lv_obj_get_height_grid	24	static
../lvgl/src/lv_core/lv_obj.c:2368:6:lv_obj_get_auto_realign	24	static
../lvgl/src/lv_core/lv_obj.c:2385:12:lv_obj_get_ext_click_pad_left	24	static
../lvgl/src/lv_core/lv_obj.c:2404:12:lv_obj_get_ext_click_pad_right	24	static
../lvgl/src/lv_core/lv_obj.c:2423:12:lv_obj_get_ext_click_pad_top	24	static
../lvgl/src/lv_core/lv_obj.c:2442:12:lv_obj_get_ext_click_pad_bottom	24	static
../lvgl/src/lv_core/lv_obj.c:2461:12:lv_obj_get_ext_draw_pad	24	static
../lvgl/src/lv_core/lv_obj.c:2472:19:lv_obj_get_style_list	32	static
../lvgl/src/lv_core/lv_obj.c:2502:16:_lv_obj_get_style_int	40	static
../lvgl/src/lv_core/lv_obj.c:2627:12:_lv_obj_get_style_color	40	static
../lvgl/src/lv_core/lv_obj.c:2683:10:_lv_obj_get_style_opa	40	static
../lvgl/src/lv_core/lv_obj.c:2762:14:_lv_obj_get_style_ptr	40	static
../lvgl/src/lv_core/lv_obj.c:2835:14:lv_obj_get_local_style	32	static
../lvgl/src/lv_core/lv_obj.c:2851:6:lv_obj_get_hidden	24	static
../lvgl/src/lv_core/lv_obj.c:2863:6:lv_obj_get_adv_hittest	24	static
../lvgl/src/lv_core/lv_obj.c:2875:6:lv_obj_get_click	24	static
../lvgl/src/lv_core/lv_obj.c:2887:6:lv_obj_get_top	24	static
../lvgl/src/lv_core/lv_obj.c:2899:6:lv_obj_get_drag	24	static
../lvgl/src/lv_core/lv_obj.c:2911:15:lv_obj_get_drag_dir	24	static
../lvgl/src/lv_core/lv_obj.c:2923:6:lv_obj_get_drag_throw	24	static
../lvgl/src/lv_core/lv_obj.c:2935:6:lv_obj_get_drag_parent	16	static
../lvgl/src/lv_core/lv_obj.c:2945:6:lv_obj_get_gesture_parent	16	static
../lvgl/src/lv_core/lv_obj.c:2955:6:lv_obj_get_focus_parent	16	static
../lvgl/src/lv_core/lv_obj.c:2965:6:lv_obj_get_parent_event	24	static
../lvgl/src/lv_core/lv_obj.c:2973:15:lv_obj_get_base_dir	24	static
../lvgl/src/lv_core/lv_obj.c:2998:9:lv_obj_get_protect	24	static
../lvgl/src/lv_core/lv_obj.c:3011:6:lv_obj_is_protected	24	static
../lvgl/src/lv_core/lv_obj.c:3018:12:lv_obj_get_state	32	static
../lvgl/src/lv_core/lv_obj.c:3041:16:lv_obj_get_signal_cb	24	static
../lvgl/src/lv_core/lv_obj.c:3053:16:lv_obj_get_design_cb	24	static
../lvgl/src/lv_core/lv_obj.c:3065:15:lv_obj_get_event_cb	24	static
../lvgl/src/lv_core/lv_obj.c:3082:8:lv_obj_get_ext_attr	24	static
../lvgl/src/lv_core/lv_obj.c:3095:6:lv_obj_get_type	72	static
../lvgl/src/lv_core/lv_obj.c:3163:8:lv_obj_get_group	24	static
../lvgl/src/lv_core/lv_obj.c:3180:6:lv_obj_is_focused	24	static
../lvgl/src/lv_core/lv_obj.c:3208:6:lv_obj_is_point_on_coords	24	static
../lvgl/src/lv_core/lv_obj.c:3240:6:lv_obj_hittest	24	static
../lvgl/src/lv_core/lv_obj.c:3260:10:lv_obj_handle_get_type_signal	24	static
../lvgl/src/lv_core/lv_obj.c:3279:6:lv_obj_init_draw_rect_dsc	40	static
../lvgl/src/lv_core/lv_obj.c:3415:6:lv_obj_init_draw_label_dsc	40	static
../lvgl/src/lv_core/lv_obj.c:3447:6:lv_obj_init_draw_img_dsc	40	static
../lvgl/src/lv_core/lv_obj.c:3474:6:lv_obj_init_draw_line_dsc	40	static
../lvgl/src/lv_core/lv_obj.c:3510:12:lv_obj_get_draw_rect_ext_pad_size	96	static
../lvgl/src/lv_core/lv_obj.c:3586:6:lv_obj_fade_in	96	static
../lvgl/src/lv_core/lv_obj.c:3611:6:lv_obj_fade_out	96	static
../lvgl/src/lv_core/lv_obj.c:3635:6:lv_debug_check_obj_type	56	static
../lvgl/src/lv_core/lv_obj.c:3657:6:lv_debug_check_obj_valid	32	static
../lvgl/src/lv_core/lv_obj.c:3679:13:lv_obj_del_async_cb	24	static
../lvgl/src/lv_core/lv_obj.c:3686:13:obj_del_core	40	static
../lvgl/src/lv_core/lv_obj.c:3773:24:lv_obj_design	160	static
../lvgl/src/lv_core/lv_obj.c:3868:12:lv_obj_get_focused_obj	24	static
../lvgl/src/lv_core/lv_obj.c:3886:17:lv_obj_signal	40	static
../lvgl/src/lv_core/lv_obj.c:3965:13:refresh_children_position	24	static
../lvgl/src/lv_core/lv_obj.c:3983:13:report_style_mod_core	32	static
../lvgl/src/lv_core/lv_obj.c:4013:13:refresh_children_style	24	static
../lvgl/src/lv_core/lv_obj.c:4026:13:base_dir_refr_children	24	static
../lvgl/src/lv_core/lv_obj.c:4041:13:obj_align_core	40	static
../lvgl/src/lv_core/lv_obj.c:4061:13:obj_align_mid_core	48	static
../lvgl/src/lv_core/lv_obj.c:4206:27:trans_create	88	static
../lvgl/src/lv_core/lv_obj.c:4317:13:trans_del	40	static
../lvgl/src/lv_core/lv_obj.c:4343:13:trans_anim_cb	40	static
../lvgl/src/lv_core/lv_obj.c:4379:13:trans_anim_start_cb	32	static
../lvgl/src/lv_core/lv_obj.c:4408:13:trans_anim_ready_cb	40	static
../lvgl/src/lv_core/lv_obj.c:4434:13:opa_scale_anim	16	static
../lvgl/src/lv_core/lv_obj.c:4439:13:fade_in_anim_ready	16	static
../lvgl/src/lv_core/lv_obj.c:4446:13:lv_event_mark_deleted	24	static
../lvgl/src/lv_core/lv_obj.c:4456:13:obj_valid_child	24	static
../lvgl/src/lv_core/lv_obj.c:4471:13:style_prop_is_cacheble	16	static
../lvgl/src/lv_core/lv_obj.c:4522:13:update_style_cache	24	static
../lvgl/src/lv_core/lv_obj.c:4602:13:update_style_cache_children	40	static
../lvgl/src/lv_core/lv_obj.c:4639:13:invalidate_style_cache	32	static
